16:44:54 **** Incremental Build of configuration Debug for project final ****
make -j12 all 
arm-none-eabi-gcc "../Core/Src/main.c" -mcpu=cortex-m7 -std=gnu11 -g3 -DDEBUG -DUSE_HAL_DRIVER -DSTM32F767xx -c -I../Core/Inc -I../Drivers/STM32F7xx_HAL_Driver/Inc -I../Drivers/STM32F7xx_HAL_Driver/Inc/Legacy -I../Drivers/CMSIS/Device/ST/STM32F7xx/Include -I../Drivers/CMSIS/Include -O0 -ffunction-sections -fdata-sections -Wall -fstack-usage -fcyclomatic-complexity -MMD -MP -MF"Core/Src/main.d" -MT"Core/Src/main.o" --specs=nano.specs -mfpu=fpv5-d16 -mfloat-abi=hard -mthumb -o "Core/Src/main.o"
../Core/Src/main.c: In function 'HAL_TIM_PeriodElapsedCallback':
../Core/Src/main.c:226:47: warning: format '%d' expects argument of type 'int', but argument 3 has type 'uint32_t' {aka 'long unsigned int'} [-Wformat=]
  226 |                         sprintf(uartBuffer, "%d\r\n", counter);
      |                                              ~^       ~~~~~~~
      |                                               |       |
      |                                               int     uint32_t {aka long unsigned int}
      |                                              %ld
arm-none-eabi-gcc -o "final.elf" @"objects.list"   -mcpu=cortex-m7 -T"C:\Users\USER\STM32CubeIDE\workspace_1.16.0\final\STM32F767ZITX_FLASH.ld" --specs=nosys.specs -Wl,-Map="final.map" -Wl,--gc-sections -static --specs=nano.specs -mfpu=fpv5-d16 -mfloat-abi=hard -mthumb -Wl,--start-group -lc -lm -Wl,--end-group
Finished building target: final.elf
 
arm-none-eabi-size  final.elf 
arm-none-eabi-objdump -h -S final.elf  > "final.list"
   text	   data	    bss	    dec	    hex	filename
  23772	     96	   2280	  26148	   6624	final.elf
Finished building: default.size.stdout
 
Finished building: final.list
 

16:44:55 Build Finished. 0 errors, 1 warnings. (took 921ms)

