23:35:50 **** Incremental Build of configuration Debug for project test6 ****
make -j12 all 
arm-none-eabi-gcc "../Core/Src/main.c" -mcpu=cortex-m7 -std=gnu11 -g3 -DDEBUG -DUSE_HAL_DRIVER -DSTM32F767xx -c -I../Core/Inc -I../Drivers/STM32F7xx_HAL_Driver/Inc -I../Drivers/STM32F7xx_HAL_Driver/Inc/Legacy -I../Drivers/CMSIS/Device/ST/STM32F7xx/Include -I../Drivers/CMSIS/Include -O0 -ffunction-sections -fdata-sections -Wall -fstack-usage -fcyclomatic-complexity -MMD -MP -MF"Core/Src/main.d" -MT"Core/Src/main.o" --specs=nano.specs -mfpu=fpv5-d16 -mfloat-abi=hard -mthumb -o "Core/Src/main.o"
../Core/Src/main.c: In function 'main':
../Core/Src/main.c:107:9: warning: unused variable 'dutyCycle_b' [-Wunused-variable]
  107 |   float dutyCycle_b= 0.0;
      |         ^~~~~~~~~~~
../Core/Src/main.c:106:9: warning: unused variable 'dutyCycle_g' [-Wunused-variable]
  106 |   float dutyCycle_g= 0.0;
      |         ^~~~~~~~~~~
arm-none-eabi-gcc -o "test6.elf" @"objects.list"   -mcpu=cortex-m7 -T"C:\Users\USER\STM32CubeIDE\workspace_1.16.0\test6\STM32F767ZITX_FLASH.ld" --specs=nosys.specs -Wl,-Map="test6.map" -Wl,--gc-sections -static --specs=nano.specs -mfpu=fpv5-d16 -mfloat-abi=hard -mthumb -Wl,--start-group -lc -lm -Wl,--end-group
Finished building target: test6.elf
 
arm-none-eabi-size  test6.elf 
arm-none-eabi-objdump -h -S test6.elf  > "test6.list"
   text	   data	    bss	    dec	    hex	filename
  17040	     12	   1788	  18840	   4998	test6.elf
Finished building: default.size.stdout
 
Finished building: test6.list
 

23:35:51 Build Finished. 0 errors, 2 warnings. (took 867ms)

